 
****************************************
Report : power
        -net
        -analysis_effort low
        -sort_mode net_switching_power
Design : SIPISOALU
Version: S-2021.06-SP4
Date   : Sat Apr 19 01:05:30 2025
****************************************


Library(s) Used:

    NangateOpenCellLibrary (File: /home/mariagrazia.graziano/do/libnangate/NangateOpenCellLibrary_typical_ecsm.db)


Operating Conditions: typical   Library: NangateOpenCellLibrary
Wire Load Model Mode: top

Design        Wire Load Model            Library
------------------------------------------------
SIPISOALU              5K_hvratio_1_1    NangateOpenCellLibrary


Global Operating Voltage = 1.1  
Power-specific unit information :
    Voltage Units = 1V
    Capacitance Units = 1.000000ff
    Time Units = 1ns
    Dynamic Power Units = 1uW    (derived from V,C,T units)
    Leakage Power Units = 1nW



  Attributes
  ----------
      a  -  Switching activity information annotated on net
      d  -  Default switching activity information on net

                             Total      Static   Toggle   Switching
Net                          Net Load   Prob.    Rate     Power      Attrs
--------------------------------------------------------------------------------
n228                          25.056    0.500    0.3226      4.8899  d
EA                            10.462    0.149    0.2089      1.3223  d
LDB                           19.381    0.024    0.0832      0.9754  
n162                           5.931    0.851    0.2089      0.7495  d
n181                           4.023    0.795    0.1964      0.4780  
n122                           6.187    0.114    0.1170      0.4378  d
n204                           1.975    0.500    0.3226      0.3855  d
n152                           6.031    0.108    0.1045      0.3814  d
n133                           5.969    0.109    0.1036      0.3740  d
n212                           3.317    0.206    0.1785      0.3582  
n223                           1.927    0.775    0.2976      0.3470  
n221                           2.542    0.807    0.2151      0.3309  
n200                           2.721    0.807    0.1994      0.3284  
n74                            5.244    0.104    0.1022      0.3242  d
n224                           5.948    0.948    0.0872      0.3138  
n195                           4.973    0.113    0.1003      0.3018  d
n220                           1.927    0.792    0.2418      0.2819  
n206                           3.954    0.886    0.1170      0.2798  d
n208                           3.986    0.896    0.1022      0.2464  d
n215                           1.931    0.244    0.1968      0.2299  
n227                           8.060    0.009    0.0469      0.2285  
n203                           1.438    0.161    0.2476      0.2154  
n213                           1.909    0.794    0.1785      0.2061  
n73                            2.615    0.113    0.1003      0.1587  d
n199                           2.883    0.948    0.0872      0.1522  
n39                            1.438    0.122    0.1542      0.1341  
n41                            1.438    0.125    0.1457      0.1268  
n40                            1.438    0.120    0.1455      0.1266  
n218                           1.894    0.911    0.1086      0.1244  
n194                           2.010    0.887    0.1003      0.1220  d
n211                           1.882    0.892    0.1045      0.1190  d
n164                           1.882    0.891    0.1036      0.1179  d
n205                           1.438    0.102    0.1352      0.1176  
n166                           1.882    0.887    0.1003      0.1142  d
n222                           5.435    0.995    0.0340      0.1117  d
n191                           4.127    0.022    0.0441      0.1101  
n163                           4.503    0.952    0.0368      0.1003  
n202                           4.059    0.005    0.0340      0.0834  d
n196                           3.939    0.995    0.0340      0.0809  d
n173                           6.159    0.988    0.0207      0.0770  
n209                           2.453    0.056    0.0508      0.0754  
LDC                            3.374    0.005    0.0340      0.0693  d
n219                           2.542    0.022    0.0441      0.0678  
STARTC                         6.603    0.002    0.0159      0.0637  
n201                           1.974    0.944    0.0508      0.0607  
n192                           1.926    0.056    0.0508      0.0592  
n193                           3.273    0.018    0.0295      0.0585  
n210                           4.726    0.980    0.0195      0.0557  
n190                           2.542    0.048    0.0360      0.0554  
n186                           1.980    0.988    0.0461      0.0552  
n188                           1.980    0.988    0.0456      0.0546  
n187                           1.980    0.988    0.0446      0.0534  
n189                           1.980    0.989    0.0442      0.0530  
n48                            1.438    0.028    0.0556      0.0484  
n226                           5.909    0.997    0.0126      0.0450  
n180                           3.281    0.013    0.0221      0.0440  
n31                            1.915    0.973    0.0370      0.0429  d
n216                           1.900    0.006    0.0345      0.0396  
n42                            1.438    0.053    0.0449      0.0391  
n197                           2.883    0.021    0.0187      0.0326  
n207                           1.438    0.029    0.0359      0.0313  
SHIFTC                         4.057    0.003    0.0126      0.0309  
n225                           1.940    0.997    0.0181      0.0213  
n148                           3.865    0.991    0.0053      0.0124  
n217                           1.981    0.998    0.0096      0.0116  
n50                            1.438    0.010    0.0112      0.0098  
n155                           3.877    0.993    0.0041      0.0097  
n143                           3.935    0.993    0.0037      0.0089  
n51                            1.438    0.008    0.0091      0.0079  
C                              0.310    0.027    0.0370      0.0069  d
n198                           1.961    0.001    0.0039      0.0047  
n49                            1.438    0.007    0.0041      0.0036  
n214                           1.960    1.000    0.0006      0.0007  
--------------------------------------------------------------------------------
Total (73 nets)                                             17.1960 uW
1
